// Vitest Snapshot v1, https://vitest.dev/guide/snapshot.html

exports[`Container > match snapshot 1`] = `
<DocumentFragment>
  <div
    class="appContainer w-full "
  />
</DocumentFragment>
`;
